[basecola.com/index.html]
[basecola.com/_next/static/css/c14bd87d2a6e6c39.css]
[basecola.com/_next/static/chunks/polyfills-5cd94c89d3acac5f.js]
[basecola.com/_next/static/chunks/webpack-0ba4aa297f42e5d8.js]
[basecola.com/_next/static/chunks/framework-bb5c596eafb42b22.js]
[basecola.com/_next/static/chunks/main-1d8adce4d7e8417e.js]
[basecola.com/_next/static/chunks/pages/_app-7e2d3fd7c9a12493.js]
[basecola.com/_next/static/chunks/78e521c3-195c0f18d2fecf0f.js]
[basecola.com/_next/static/chunks/1bfc9850-231a999dd1a2a612.js]
[basecola.com/_next/static/chunks/949-f08f2cf0f493c273.js]
[basecola.com/_next/static/chunks/pages/index-e7aaa5600f7e51b3.js]
[basecola.com/_next/static/-DosUF7Be6sNavhlpitUm/_buildManifest.js]
[basecola.com/_next/static/-DosUF7Be6sNavhlpitUm/_ssgManifest.js]
[basecola.com/_next/static/-DosUF7Be6sNavhlpitUm/_middlewareManifest.js]
[backblue.gif]
[fade.gif]
[index.html]
[basecola.com/delicious.webp]
[basecola.com/dapp.html]
[basecola.com/heroweb.png]
[basecola.com/brianhero.png]
[basecola.com/videocola.mp4]
[basecola.com/coinbase.png]
[basecola.com/onchain.png]
[basecola.com/cocacola.png]
[basecola.com/iconoTick.png]
[basecola.com/reunion.png]
[basecola.com/toshi-cola.png]
[basecola.com/mochi-cola.png]
[upload.wikimedia.org/wikipedia/commons/thumb/8/82/Telegram_logo.svg/480px-Telegram_logo.svg.png]
[img.freepik.com/premium-vector/new-twitter-logo-x-2023-twitter-x-logo-vector-download_691560-108098a23.jpg]
[basecola.com/index.html]
[img.freepik.com/fotos-premium/fondo-abstracto-playa-paisaje-marino-desenfoque-bokeh-luz-mar-calma-cielo_1484-1989e303.jpg]
[basecola.com/_next/static/css/c14bd87d2a6e6c39.css]
[basecola.com/_next/static/css/aca5deede9db69aa.css]
[basecola.com/_next/static/chunks/21ba0457-21aebaf8fea3e643.js]
[basecola.com/_next/static/chunks/630-95957682fee37e40.js]
[basecola.com/_next/static/chunks/pages/dapp-3b7e1a9f8fe9c89d.js]
[basecola.com/maquina.png]
[basecola.com/toshi2-cola.png]
[basecola.com/mochi2-cola.png]
[basecola.com/dapp.html]
[basecola.com/_next/static/media/ibm-plex-mono-cyrillic-ext-400-normal.d2a15191.woff2]
[basecola.com/_next/static/media/ibm-plex-mono-all-400-normal.9fd1cbda.woff]
[basecola.com/_next/static/media/ibm-plex-mono-cyrillic-400-normal.1cc66227.woff2]
[basecola.com/_next/static/media/ibm-plex-mono-vietnamese-400-normal.a4b6ff95.woff2]
[basecola.com/_next/static/media/ibm-plex-mono-latin-ext-400-normal.dc8f260f.woff2]
[basecola.com/_next/static/media/ibm-plex-mono-latin-400-normal.71a5fad3.woff2]
[basecola.com/_next/static/media/inter-cyrillic-ext-400-normal.ef671ae5.woff2]
[basecola.com/_next/static/media/inter-all-400-normal.f8403e6f.woff]
[basecola.com/_next/static/media/inter-cyrillic-400-normal.d9114304.woff2]
[basecola.com/_next/static/media/inter-greek-ext-400-normal.2a16f6e2.woff2]
[basecola.com/_next/static/media/inter-greek-400-normal.ca762373.woff2]
[basecola.com/_next/static/media/inter-vietnamese-400-normal.de254776.woff2]
[basecola.com/_next/static/media/inter-latin-ext-400-normal.27017268.woff2]
[basecola.com/_next/static/media/inter-latin-400-normal.c06b6ce0.woff2]
[basecola.com/_next/static/media/inter-cyrillic-ext-500-normal.002cf23a.woff2]
[basecola.com/_next/static/media/inter-all-500-normal.90143606.woff]
[basecola.com/_next/static/media/inter-cyrillic-500-normal.8b635edd.woff2]
[basecola.com/_next/static/media/inter-greek-ext-500-normal.1aa8d006.woff2]
[basecola.com/_next/static/media/inter-greek-500-normal.e1ef86b1.woff2]
[basecola.com/_next/static/media/inter-vietnamese-500-normal.d65f20d3.woff2]
[basecola.com/_next/static/media/inter-latin-ext-500-normal.0eb4c2fd.woff2]
[basecola.com/_next/static/media/inter-latin-500-normal.62456416.woff2]
[basecola.com/_next/static/media/inter-cyrillic-ext-600-normal.24261a96.woff2]
[basecola.com/_next/static/media/inter-all-600-normal.19244d5d.woff]
[basecola.com/_next/static/media/inter-cyrillic-600-normal.deb8e783.woff2]
[basecola.com/_next/static/media/inter-greek-ext-600-normal.bfd62ac9.woff2]
[basecola.com/_next/static/media/inter-greek-600-normal.71947449.woff2]
[basecola.com/_next/static/media/inter-vietnamese-600-normal.b3eeaa23.woff2]
[basecola.com/_next/static/media/inter-latin-ext-600-normal.b4dedbd0.woff2]
[basecola.com/_next/static/media/inter-latin-600-normal.ea994db8.woff2]
[basecola.com/_next/static/media/inter-cyrillic-ext-variable-wghtOnly-normal.2a09a91b.woff2]
[basecola.com/_next/static/media/inter-cyrillic-variable-wghtOnly-normal.ba342329.woff2]
[basecola.com/_next/static/media/inter-greek-ext-variable-wghtOnly-normal.faa9e6b1.woff2]
[basecola.com/_next/static/media/inter-greek-variable-wghtOnly-normal.170a4877.woff2]
[basecola.com/_next/static/media/inter-vietnamese-variable-wghtOnly-normal.b300c47d.woff2]
[basecola.com/_next/static/media/inter-latin-ext-variable-wghtOnly-normal.9ce5f5d1.woff2]
[basecola.com/_next/static/media/inter-latin-variable-wghtOnly-normal.e9d94bd7.woff2]
[basecola.com/_next/static/css/aca5deede9db69aa.css]
